EN or_module NULL D:/Docu_Jelle/School/Avans/TI/Blok7/VHDL/wekelijks/week1/OR_module.vhd sub00/vhpl02 1422995618
AR or_module behavioral D:/Docu_Jelle/School/Avans/TI/Blok7/VHDL/wekelijks/week1/OR_module.vhd sub00/vhpl03 1422995619
EN xor_module NULL D:/Docu_Jelle/School/Avans/TI/Blok7/VHDL/wekelijks/week1/XOR.vhd sub00/vhpl04 1422995620
AR and_module behaviour D:/Docu_Jelle/School/Avans/TI/Blok7/VHDL/wekelijks/week1/AND_module.vhd sub00/vhpl01 1422995615
MO week1schema NULL week1schema.vf vlg0E/week1schema.bin 1423475681
EN and_module NULL D:/Docu_Jelle/School/Avans/TI/Blok7/VHDL/wekelijks/week1/AND_module.vhd sub00/vhpl00 1422995614
AR xor_module behaviour D:/Docu_Jelle/School/Avans/TI/Blok7/VHDL/wekelijks/week1/XOR.vhd sub00/vhpl05 1422995621
EN fulladder_model NULL D:/Docu_Jelle/School/Avans/TI/Blok7/VHDL/wekelijks/week1/FULL-ADDER_model.vhd sub00/vhpl06 1423475681
AR fulladder_model behavioral D:/Docu_Jelle/School/Avans/TI/Blok7/VHDL/wekelijks/week1/FULL-ADDER_model.vhd sub00/vhpl07 1423475682
