Release 14.4 - xst P.49d (nt64)
Copyright (c) 1995-2012 Xilinx, Inc.  All rights reserved.
--> Parameter TMPDIR set to xst/projnav.tmp


Total REAL time to Xst completion: 0.00 secs
Total CPU time to Xst completion: 0.09 secs
 
--> Parameter xsthdpdir set to xst


Total REAL time to Xst completion: 0.00 secs
Total CPU time to Xst completion: 0.09 secs
 
--> Reading design: week1schema.prj

TABLE OF CONTENTS
  1) Synthesis Options Summary
  2) HDL Compilation
  3) Design Hierarchy Analysis
  4) HDL Analysis
  5) HDL Synthesis
     5.1) HDL Synthesis Report
  6) Advanced HDL Synthesis
     6.1) Advanced HDL Synthesis Report
  7) Low Level Synthesis
  8) Partition Report
  9) Final Report
	9.1) Device utilization summary
	9.2) Partition Resource Summary
	9.3) TIMING REPORT


=========================================================================
*                      Synthesis Options Summary                        *
=========================================================================
---- Source Parameters
Input File Name                    : "week1schema.prj"
Input Format                       : mixed
Ignore Synthesis Constraint File   : NO

---- Target Parameters
Output File Name                   : "week1schema"
Output Format                      : NGC
Target Device                      : xc3s100e-4-cp132

---- Source Options
Top Module Name                    : week1schema
Automatic FSM Extraction           : YES
FSM Encoding Algorithm             : Auto
Safe Implementation                : No
FSM Style                          : LUT
RAM Extraction                     : Yes
RAM Style                          : Auto
ROM Extraction                     : Yes
Mux Style                          : Auto
Decoder Extraction                 : YES
Priority Encoder Extraction        : Yes
Shift Register Extraction          : YES
Logical Shifter Extraction         : YES
XOR Collapsing                     : YES
ROM Style                          : Auto
Mux Extraction                     : Yes
Resource Sharing                   : YES
Asynchronous To Synchronous        : NO
Multiplier Style                   : Auto
Automatic Register Balancing       : No

---- Target Options
Add IO Buffers                     : YES
Global Maximum Fanout              : 100000
Add Generic Clock Buffer(BUFG)     : 24
Register Duplication               : YES
Slice Packing                      : YES
Optimize Instantiated Primitives   : NO
Use Clock Enable                   : Yes
Use Synchronous Set                : Yes
Use Synchronous Reset              : Yes
Pack IO Registers into IOBs        : Auto
Equivalent register Removal        : YES

---- General Options
Optimization Goal                  : Speed
Optimization Effort                : 1
Keep Hierarchy                     : No
Netlist Hierarchy                  : As_Optimized
RTL Output                         : Yes
Global Optimization                : AllClockNets
Read Cores                         : YES
Write Timing Constraints           : NO
Cross Clock Analysis               : NO
Hierarchy Separator                : /
Bus Delimiter                      : <>
Case Specifier                     : Maintain
Slice Utilization Ratio            : 100
BRAM Utilization Ratio             : 100
Verilog 2001                       : YES
Auto BRAM Packing                  : NO
Slice Utilization Ratio Delta      : 5

=========================================================================


=========================================================================
*                          HDL Compilation                              *
=========================================================================
Compiling vhdl file "D:/Docu_Jelle/School/Avans/TI/Blok7/VHDL/wekelijks/week1/FULL-ADDER_model.vhd" in Library work.
Architecture behavioral of Entity fulladder_model is up to date.
Compiling verilog file "week1schema.vf" in library work
Module <week1schema> compiled
No errors in compilation
Analysis of file <"week1schema.prj"> succeeded.
 

=========================================================================
*                     Design Hierarchy Analysis                         *
=========================================================================
Analyzing hierarchy for module <week1schema> in library <work>.

Analyzing hierarchy for entity <fulladder_model> in library <work> (architecture <behavioral>).


=========================================================================
*                            HDL Analysis                               *
=========================================================================
Analyzing top module <week1schema>.
Module <week1schema> is correct for synthesis.
 
    Set user-defined property "LOC =  P11" for signal <XLXN_39> in unit <week1schema>.
    Set user-defined property "LOC =  G3" for signal <XLXN_40> in unit <week1schema>.
    Set user-defined property "LOC =  L3" for signal <XLXN_41> in unit <week1schema>.
    Set user-defined property "LOC =  F3" for signal <XLXN_42> in unit <week1schema>.
    Set user-defined property "LOC =  K3" for signal <XLXN_43> in unit <week1schema>.
    Set user-defined property "LOC =  E2" for signal <XLXN_44> in unit <week1schema>.
    Set user-defined property "LOC =  B4" for signal <XLXN_45> in unit <week1schema>.
    Set user-defined property "LOC =  N3" for signal <XLXN_46> in unit <week1schema>.
    Set user-defined property "LOC =  A7" for signal <XLXN_92> in unit <week1schema>.
    Set user-defined property "LOC =  M5" for signal <XLXN_47> in unit <week1schema>.
    Set user-defined property "LOC =  M11" for signal <XLXN_48> in unit <week1schema>.
    Set user-defined property "LOC =  P7" for signal <XLXN_49> in unit <week1schema>.
    Set user-defined property "LOC =  P6" for signal <XLXN_50> in unit <week1schema>.
    Set user-defined property "LOC =  N5" for signal <XLXN_51> in unit <week1schema>.
    Set user-defined property "LOC =  G1" for signal <XLXN_93> in unit <week1schema>.
Analyzing Entity <fulladder_model> in library <work> (Architecture <behavioral>).
Entity <fulladder_model> analyzed. Unit <fulladder_model> generated.


=========================================================================
*                           HDL Synthesis                               *
=========================================================================

Performing bidirectional port resolution...

Synthesizing Unit <fulladder_model>.
    Related source file is "D:/Docu_Jelle/School/Avans/TI/Blok7/VHDL/wekelijks/week1/FULL-ADDER_model.vhd".
    Found 1-bit xor2 for signal <S>.
    Found 1-bit xor2 for signal <C$xor0000> created at line 42.
Unit <fulladder_model> synthesized.


Synthesizing Unit <week1schema>.
    Related source file is "week1schema.vf".
Unit <week1schema> synthesized.


=========================================================================
HDL Synthesis Report

Macro Statistics
# Xors                                                 : 8
 1-bit xor2                                            : 8

=========================================================================

=========================================================================
*                       Advanced HDL Synthesis                          *
=========================================================================


=========================================================================
Advanced HDL Synthesis Report

Macro Statistics
# Xors                                                 : 8
 1-bit xor2                                            : 8

=========================================================================

=========================================================================
*                         Low Level Synthesis                           *
=========================================================================

Optimizing unit <week1schema> ...

Mapping all equations...
Building and optimizing final netlist ...
Found area constraint ratio of 100 (+ 5) on block week1schema, actual ratio is 0.

Final Macro Processing ...

=========================================================================
Final Register Report

Found no macro
=========================================================================

=========================================================================
*                           Partition Report                            *
=========================================================================

Partition Implementation Status
-------------------------------

  No Partitions were found in this design.

-------------------------------

=========================================================================
*                            Final Report                               *
=========================================================================
Final Results
RTL Top Level Output File Name     : week1schema.ngr
Top Level Output File Name         : week1schema
Output Format                      : NGC
Optimization Goal                  : Speed
Keep Hierarchy                     : No

Design Statistics
# IOs                              : 15

Cell Usage :
# BELS                             : 9
#      GND                         : 1
#      LUT3                        : 8
# IO Buffers                       : 15
#      IBUF                        : 9
#      OBUF                        : 6
=========================================================================

Device utilization summary:
---------------------------

Selected Device : 3s100ecp132-4 

 Number of Slices:                        4  out of    960     0%  
 Number of 4 input LUTs:                  8  out of   1920     0%  
 Number of IOs:                          15
 Number of bonded IOBs:                  15  out of     83    18%  

---------------------------
Partition Resource Summary:
---------------------------

  No Partitions were found in this design.

---------------------------


=========================================================================
TIMING REPORT

NOTE: THESE TIMING NUMBERS ARE ONLY A SYNTHESIS ESTIMATE.
      FOR ACCURATE TIMING INFORMATION PLEASE REFER TO THE TRACE REPORT
      GENERATED AFTER PLACE-and-ROUTE.

Clock Information:
------------------
No clock signals found in this design

Asynchronous Control Signals Information:
----------------------------------------
No asynchronous control signals found in this design

Timing Summary:
---------------
Speed Grade: -4

   Minimum period: No path found
   Minimum input arrival time before clock: No path found
   Maximum output required time after clock: No path found
   Maximum combinational path delay: 9.794ns

Timing Detail:
--------------
All values displayed in nanoseconds (ns)

=========================================================================
Timing constraint: Default path analysis
  Total number of paths / destination ports: 33 / 5
-------------------------------------------------------------------------
Delay:               9.794ns (Levels of Logic = 6)
  Source:            XLXN_40 (PAD)
  Destination:       XLXN_50 (PAD)

  Data Path: XLXN_40 to XLXN_50
                                Gate     Net
    Cell:in->out      fanout   Delay   Delay  Logical Name (Net Name)
    ----------------------------------------  ------------
     IBUF:I->O             2   1.218   0.622  XLXN_40_IBUF (XLXN_40_IBUF)
     LUT3:I0->O            2   0.704   0.482  XLXI_13/C1 (XLXN_35)
     LUT3:I2->O            2   0.704   0.482  XLXI_12/C1 (XLXN_36)
     LUT3:I2->O            2   0.704   0.482  XLXI_14/C1 (XLXN_37)
     LUT3:I2->O            1   0.704   0.420  XLXI_15/C1 (XLXN_51_OBUF)
     OBUF:I->O                 3.272          XLXN_51_OBUF (XLXN_51)
    ----------------------------------------
    Total                      9.794ns (7.306ns logic, 2.488ns route)
                                       (74.6% logic, 25.4% route)

=========================================================================


Total REAL time to Xst completion: 4.00 secs
Total CPU time to Xst completion: 4.24 secs
 
--> 

Total memory usage is 255276 kilobytes

Number of errors   :    0 (   0 filtered)
Number of warnings :    0 (   0 filtered)
Number of infos    :    0 (   0 filtered)

