--------------------------------------------------------------------------------
Release 14.4 Trace  (nt64)
Copyright (c) 1995-2012 Xilinx, Inc.  All rights reserved.

C:\Xilinx\14.4\ISE_DS\ISE\bin\nt64\unwrapped\trce.exe -intstyle ise -v 3 -s 4
-n 3 -fastpaths -xml week1schema.twx week1schema.ncd -o week1schema.twr
week1schema.pcf

Design file:              week1schema.ncd
Physical constraint file: week1schema.pcf
Device,package,speed:     xc3s100e,cp132,-4 (PRODUCTION 1.27 2012-12-04)
Report level:             verbose report

Environment Variable      Effect 
--------------------      ------ 
NONE                      No environment variables were set
--------------------------------------------------------------------------------

INFO:Timing:2698 - No timing constraints found, doing default enumeration.
INFO:Timing:3412 - To improve timing, see the Timing Closure User Guide (UG612).
INFO:Timing:2752 - To get complete path coverage, use the unconstrained paths 
   option. All paths that are not constrained will be reported in the 
   unconstrained paths section(s) of the report.
INFO:Timing:3339 - The clock-to-out numbers in this timing report are based on 
   a 50 Ohm transmission line loading model.  For the details of this model, 
   and for more information on accounting for different loading conditions, 
   please see the device datasheet.
INFO:Timing:3390 - This architecture does not support a default System Jitter 
   value, please add SYSTEM_JITTER constraint to the UCF to modify the Clock 
   Uncertainty calculation.
INFO:Timing:3389 - This architecture does not support 'Discrete Jitter' and 
   'Phase Error' calculations, these terms will be zero in the Clock 
   Uncertainty calculation.  Please make appropriate modification to 
   SYSTEM_JITTER to account for the unsupported Discrete Jitter and Phase 
   Error.



Data Sheet report:
-----------------
All values displayed in nanoseconds (ns)

Pad to Pad
---------------+---------------+---------+
Source Pad     |Destination Pad|  Delay  |
---------------+---------------+---------+
XLXN_39        |XLXN_47        |    8.539|
XLXN_39        |XLXN_48        |   11.025|
XLXN_39        |XLXN_49        |   10.563|
XLXN_39        |XLXN_50        |   11.439|
XLXN_39        |XLXN_51        |   11.586|
XLXN_40        |XLXN_47        |    7.256|
XLXN_40        |XLXN_48        |    9.206|
XLXN_40        |XLXN_49        |    8.744|
XLXN_40        |XLXN_50        |    9.620|
XLXN_40        |XLXN_51        |    9.767|
XLXN_41        |XLXN_48        |    7.897|
XLXN_41        |XLXN_49        |    8.956|
XLXN_41        |XLXN_50        |    9.832|
XLXN_41        |XLXN_51        |    9.979|
XLXN_42        |XLXN_48        |    8.842|
XLXN_42        |XLXN_49        |    8.823|
XLXN_42        |XLXN_50        |    9.699|
XLXN_42        |XLXN_51        |    9.846|
XLXN_43        |XLXN_49        |    7.371|
XLXN_43        |XLXN_50        |    8.399|
XLXN_43        |XLXN_51        |    8.546|
XLXN_44        |XLXN_49        |    7.457|
XLXN_44        |XLXN_50        |    8.376|
XLXN_44        |XLXN_51        |    8.523|
XLXN_45        |XLXN_50        |    7.657|
XLXN_45        |XLXN_51        |    8.251|
XLXN_46        |XLXN_50        |    8.562|
XLXN_46        |XLXN_51        |    8.149|
XLXN_92        |XLXN_47        |    8.405|
XLXN_92        |XLXN_48        |   10.658|
XLXN_92        |XLXN_49        |   10.196|
XLXN_92        |XLXN_50        |   11.072|
XLXN_92        |XLXN_51        |   11.219|
---------------+---------------+---------+


Analysis completed Mon Feb 09 10:55:00 2015 
--------------------------------------------------------------------------------

Trace Settings:
-------------------------
Trace Settings 

Peak Memory Usage: 150 MB



